### Step 2A
/c/Users/afavo

### Step 2B
$ cd Desktop

### Step 2C
$ cd unit1-git-practice/

### Step 2D
$ pwd
/c/Users/afavo/Desktop/unit1-git-practice

### Step 2E
$ ls

### Step 2F
my-steps.txt

### Step 2G
$ cd ..

### Step 2H
/c

### Step 2I
'$Recycle.Bin'/             Python313/
'$SysReset'/                QueryAllDevice.xml
 AMD/                       Recovery/
 ArcTemp/                  'Riot Games'/
 Config.Msi/                SetMatrixLEDScript.xml
'Documents and Settings'@  'System Volume Information'/
 DumpStack.log.tmp          Users/
 GetDeviceCap.xml           Windows/
 GetDeviceStatus.xml        XboxGames/
 Intel/                     audio.log
 OneDriveTemp/              dp.jfm
 PerfLogs/                  hiberfil.sys
'Program Files'/            pagefile.sys
'Program Files (x86)'/      plc_debug/
 ProgramData/               swapfile.sys

### Step 2J
$ pwd

### Step 2K
$ cd Desktop/unit1-git-practice/


### Step 3A
$ mkdir veggies
$ mkdir meats
$ mkdir desserts

### Step 3B
$ mv desserts sweets

### Step 3C
$ mkdir proteins

### Step 3D


### Step 3E
$ cd veggies
$ touch carrot.txt
$ touch pea.txt

### Step 3F
$ cd sweets
$ touch cookie.txt

### Step 3G
$ mv cookie.txt donut.txt

### Step 3H
$ cd ..
$ touch thing.txt

### Step 3I
$ cp thing.txt tofu.txt

### Step 3J
$ mv tofu.txt proteins

### Step 3K
cp thing.txt crab.txt
mv crab.txt proteins/meats

### Step 3L
rm thing.txt

### Step 3M
cp -r veggies plants

### Step 3N
mkdir drinks
rm -r drinks

### Step 4
$ cd unit1-git-practice/
$ git init
$ git add .
$ git commit -m 'first commit'

### Step 5
$ git remote add origin https://github.com/ZacharySanford/unit1-git-practice.git
$ git branch -M main
$ git push -u origin main

### Step 6
$ ls
$ git status
On branch main
Your branch is up to date with 'origin/main'.

Untracked files:
  (use "git add <file>..." to include in what will be committed)
        menu.txt

nothing added to commit but untracked files present (use "git add" to track)

### Step 7
*** DO NOT RECORD STEP 7 ***